! aiproxy  ·  on 127.0.0.1:8118  ·  2 in flight             
  1 overview   2 activity   3 usage   4 accounts   5 setting
────────────────────────────────────────────────────────────
▸ nick@example.com (Personal)            ready · 2 in flight
  5h        ░63%░·░resets░16:39░in░2h09m       |        
  7d        ░18%░·░resets 16:30 in 3d2h        |        
  7d fable  ░9%░                               |        

  ops@example.com (Ops)            rate-limited · back in 4m
  5h        ░91%░·░resets░14:41░in░11m░░░░░░░░░░░░░░    
  7d        ░44%░·░resets░16:30 in 1d2h        |        

  quota probed 3m ago · 1 account failing to probe














  f force account  ·  j/k select  ·  ? help  ·  q quit      